[40m[2J[2H[11C[0;34;40mÜÜÜÜÜÜÜÜÜÜÜÜÜÜÜÜÜÜÜÜÜÜÜÜÜÜÜÜÜÜÜÜÜÜÜÜÜÜÜÜÜÜÜÜÜÜÜÜÜÜÜÜÜÜÜ[3H[11CÛ[41m [1;33mษอออออออออออออออออออออออออออออออออออออออออออออออป [0;34;40m฿ÛÛ[4H[11CÛ[41m [1;33mบ     [36m(Your Board Name here) Bulletin  Menu     [40m[s
[u[41m[33mบ [1C[0;34;40mÛÛ[5H[11CÛ[41m [1;33mศอออออออออออออออออออออออออออออออออออออออออออออออผ [1C[0;34;40mÛÛ[6H[11CÛÛÜÜÜÜÜÜÜÜÜÜÜÜÜÜÜÜÜÜÜÜÜÜÜÜÜÜÜÜÜÜÜÜÜÜÜÜÜÜÜÜÜÜÜÜÜÜÜÜÜÜÜÛÛ[7H[11CÛ[41m [1;33mษอออออออออออออออออออออออออออออออออออออออ[40m[s
[u[41mออออออออป [0;34;40m฿ÛÛ[8H[11CÛ[41m [1;33mบ [36m1 ฏ SPITFIRE! Message Base Tips               [33mบ [1C[0;34;40mÛÛ[9H[11CÛ[41m [1;33mบ                                               บ [1C[0;34;40mÛÛ[10H[11CÛ[41m [1;33mบ [40m[s
[u[41m[36m2 ฏ PassWord Information                      [33mบ [1C[0;34;40mÛÛ[11H[11CÛ[31mÛ[1;33;41mบ                                               บ [1C[0;34;40mÛÛ[12H[11CÛ[41m [1;33mบ [36m3 ฏ SPITFIRE! Keystrokes                 [40m[s
[u[41m     [33mบ [1C[0;34;40mÛÛ[13H[11CÛ[41m [1;33mบ                                               บ [1C[0;34;40mÛÛ[14H[11CÛ[41m [1;33mบ [36m4 ฏ Are PRIVATE Messages Really Private?      [33mบ [1C[0;34;40mÛÛ[15H[11CÛ[41m [40m[s
[u[41m[1;33mบ                                               บ [1C[0;34;40mÛÛ[16H[11CÛ[41m [1;33mบ [36m5 ฏ Reserved for new Bulletins                [33mบ [1C[0;34;40mÛÛ[17H[11CÛ[41m [1;33mบ                                         [40m[s
[u[41m      บ [1C[0;34;40mÛÛ[18H[11CÛ[41m [1;33mบ [36m6 ฏ Reserved for new Bulletins                [33mบ [1C[0;34;40mÛÛ[19H[11CÛ[41m [1;33mบ                                               บ [1C[0;34;40mÛÛ[20H[11CÛ[41m [1;33mบ[40m[s
[u[41m [36m7 ฏ Reserved for new Bulletins                [33mบ [1C[0;34;40mÛÛ[21H[11CÛ[41m [1;33mศอออออออออออออออออออออออออออออออออออออออออออออออผ [1C[0;34;40mÛÛ[22H[11CÛÛÜÜÜÜÜÜÜÜÜÜÜÜÜÜÜÜÜÜÜÜÜÜÜÜÜÜÜÜÜÜÜÜÜÜÜÜÜÜÜÜÜÜÜÜÜÜÜÜÜÜÜÛÛ[23H[11C฿฿฿฿[A
[15C฿฿฿฿฿฿฿฿฿฿฿฿฿฿฿฿฿฿฿฿฿฿฿฿฿฿฿฿฿฿฿฿฿฿฿฿฿฿฿฿฿฿฿฿฿฿฿฿฿฿฿[0m


