[   [255D[0;34;44m [77C[40m≤
[44m [40m‹‹‹‹‹‹‹‹‹‹‹‹‹‹‹‹‹‹‹‹‹‹‹‹‹‹‹‹‹‹‹‹‹‹‹‹‹‹‹‹‹‹‹‹‹‹‹‹‹‹‹‹‹‹‹[A
[56C‹‹‹‹‹‹‹‹‹‹‹‹‹‹‹‹‹‹‹‹‹‹≤
[1;44m∞       [0;30;44m...  q u o t e   o f   t h e   d a y[40m[A
[44C[44m   b y   i l l n e s s[34;40m€€[30;44m...[34;40m€[A
[72C[44m [40m€[44m  [1m∞ ∞[40m
[0;34mﬂﬂﬂﬂﬂﬂﬂﬂﬂﬂﬂﬂﬂﬂﬂﬂﬂﬂﬂﬂﬂﬂﬂﬂﬂﬂﬂﬂﬂﬂﬂﬂﬂﬂﬂﬂﬂﬂﬂﬂﬂﬂﬂﬂﬂﬂﬂﬂﬂﬂﬂﬂﬂﬂﬂﬂﬂﬂﬂ[A
[59Cﬂﬂﬂﬂﬂﬂﬂﬂﬂﬂﬂﬂﬂﬂﬂﬂﬂﬂﬂﬂ
[37m%PA[0m
