[H[2H[3H[0;1;33mWelcome To..........[4H[5H[6C[34mдррдр╥ рр    жд╥  дррдр╥ жрдд   жрдр╥ ррдр╥  жд╥  дддр╥ ж╥ ж╥'жрдддд[6H[7C[35m╨гдп╫ ╨╨  жрпдпр╥ ╨╨ ╨╨ ╨гд    ╨╨    ╨гдв╫жрпдпр╥ жрп╫ спрп╫ спддр╥[7H[7C[33mппддддппддпп   ппдп╫ спдппдд   спд[s
[uппдпп сдпп   ппдппдддддпдддддддп╫[8H[10C[34mр╥  жр ж╥ жрддр╥ р╥  жр   дррдд© рр ж╥ ж╥ ж╥ дррдр╥ жрддр╥[9H[10C[35m╨гдд╤╨ ╨╨ ╨╨ ___ ╨гдд╤╨    ╨гд   ╨╨ спрп╫ ╨╨  ╨╨ ╨╨ ╨╨ ___[10H[10C[33mп╫  спдппдппддппдп╫  сп    спддддппдддпдддппддп╫ спдппддп[s
[uп[11H[11C[34mжрддддд жрдддр╥ р╥  жр жрддр╥ дррдр╥ жрдр╥ жрдр╥ дррддр╥[12H[11C[35mспддр╥  ╨╨   ╨╨ ╨╨  ╨╨ ╨гдд╤╨  ╨╨ ╨╨ ╨гдв╫ ╨╨ ╨╨  ╨╨  ╨╨[13H[8C[33mдддддддппддппдедппдппддппдп╫  спддппдппдп╫ сддппдппддп╫  спдддд[14H[12C[34mддррдд рр ррдр[s
[uдрр дррдд   дррдб╥   жд╥  дррддр╥  рр жд[15H[11C[32m$$ [35m╨╨   ╨╨ ╨╨ п ╨╨  ╨гд[5C╨где╤ жрпдпр╥ ╨╨  ╨╨  ╨гдв [32m$$[16H[11C[33mдддппдддппдпп   ппддппдд   дппдапдпп   ппдп╫  спддпп сдддд[17H[19C[0;36mждддддддддддддддддддрддддддддддддддддд[s
[uддд╥[18H[19C╨  [31mD[1;37meposit Time[5C[0;36m╨  [31mM[1;37message To Jerry  [0;36m╨[19H[19C╨  [31mS[1;37mhow Balance[5C[0;36m╨  [31mL[1;37mog Off & Gone    [0;36m╨[20H[19C╨  [31mW[1;37mithDraw Time    [0;36m╨  [31mT[1;37mo [s
[uMain Menu[6C[0;36m╨[21H[19Cгдддддддддддддддддддпдддддддддддддддддддд╤[22H[19C╨   [1;35mYour Banking Limit Is 99 Minutes!    [0;36m╨[23H[19Cсдддддддддддддддддддддддддддддддддддддддд╫[0m

Downloaded From P-80 International Information Systems 304-744-2253
