[H[2H[11C[0;34mอออออออออออออออออออออ[1mอออออออออออออ[36mออออออออออออออออออออออออ[3H[9C[0;34mออออออ[1;5;37m*[0;34mอ[1;33mMain[0;34mอ[1;33mMenu[0;34mอออออออ[1mอ[30mÝ[34mอออออออ[30mÞ[34mอ[36mออออออ[5;37m![0;1;36mอ[0;33mGoodBye[s
[u[1;36mอออออออออออ[4H[8C[0;34mออออออออออออออออออออออออออ[1;30mÝ[34mอออออออ[30mÞ[36mออออออออออออออออออออออออออออ[5H[7C[0;34mอออออออออออออออออออออออ[5;31mÜÛ[30;41m฿[31;40mÛ[0;1;30mÝ[0;5;30;41m฿[31;40mÛ[0;1;34mอออ[0;5;31mÜÛ[0;1;30mÞ[s
[u[0;5;30;41m฿[31;40mÛ[30;41m฿[0;1;36mออออออออออออออออออออออออออ[6H[6C[0;34mอออออออออออออออออออออออ[5;31mÞ[41m [0;1;30;41mÜ[40mฒฒฒฒ[46m฿ฤฤฤ฿[40mฒฒฒฒ[41mÜ [0;5;31mÜ[0;1;36mอออออออออออออออออออออออออ[7H[5C[0;34mออออออออออ[1;30m฿฿฿฿฿[s
[u[47mÜÜÜÜÜÜ[0mÛ[1;30;47mฐฐฐฐฐฐฐÝÛ[46mรฤฤฤด[0mÛ[1;30;47mÞ[0mÛ[1;30;47mฐฐฐฐฐฐ[0mÛ[1;30;47mÜÜÜÜÜÜ[40m฿฿฿฿฿[36mออออออออออออ[8H    [0;34mออออออออออออออออออออออ[1;30m฿฿฿฿[47mÜÜÜÜÝÛฒ[0;46mÜÜÜ[40mÛÛ[1;30;47mÞÜÜÜÜ[40m฿฿฿฿[36mอออออออออออออ[s
[uอออออออออออ[9H   [0;34mอออออออออออออออออออออออออออออออ[1mอ[30;47mÛฒฑฐ[0mÛÛÛ[1;34mอ[36mอออออออออออออออออออออออออออออออออ[10H  [0;34mอออออออออออออ[1;5;37mU[0;1;32mp[0;34mอ[1;32mLoaders[0;34mออออออออ[1mอออ[30m฿[47mฒฑฐ[0m฿[1;34mอออ[s
[u[36mออออออ[5;37mD[0;1;35mown[36mอ[35mLoaders[36mอออออออออออออออ[11H [0;34mออออออออออออออออออออออออออออออ[1mอออออออ[30m฿[34mอออออออ[36mออออออออออออออออออออออออออออออออ[12H[0;34mอออออออออออ[1;31mึฤฤาฤฤท[0;34mอ[1;31mึฤท[0;34mออ[1;31m[s
[uาฤฤท[0;34mออ[1mอออ[31mึฤฤท[34mอ[31mท[34mออ[31mึ[34mอ[31mาฤฤท[36mอ[31mาฤฤท[36mอ[31mาฤฤท[36mอ[31mาฤฤท[36mอ[31mึฤฤท[36mออออออออออออ[13H [0;34mอออออออออออออ[1;31mบ[0;34mออออ[1;31mบ[0;34mอ[1;31mบ[0;34mออ[1;31mบ[0;34mออ[1;31mบ[s
[u[34mอออออ[31mบ[34mออออ[31mบ[34mออ[31mบ[34mอ[31mบ[34mออ[31mบ[34mอ[31mบ[36mออ[31mบ[36mอ[31mบ[36mออออ[31mบ[36mออ[31mบ[36mอ[31mบ[36mออออออออออออออ[14H  [0;34mออออออออออออ[1;31mบ[0;34mออออ[1;31mบ[0;34mอ[1;31mบ[0;34mออ[s
[u[1;31mวฤฤฝ[34mอออออ[31mบ[34mอ[31mฤท[34mอ[31mบ[34mออ[31mบ[34mอ[31mบ[34mออ[31mบ[34mอ[31mบ[34mอ[36mอ[31mบ[36mอ[31mวฤ[36mอออ[31mวฤาฝ[36mอ[31mำฤฤท[36mออออออออออ[15H   [0;34mอออออออออออ[1;31mบ[0;34mออออ[1;31mบ[0;34mอ[1;31mบ[s
[u[0;34mออ[1;31mบ[0;34mอ[1mอออออออ[31mบ[34mออ[31mบ[34mอ[31mบ[34mออ[31mบ[34mอ[31mบ[34mออ[31mบ[34mอ[31mบ[34mออ[31mบ[36mอ[31mบ[36mออออ[31mบ[36mอ[31mำท[36mออออ[31mบ[36mอออออออออ[16H    [0;34mออออออออออ[1;31mฝ[0;34mออออ[s
[u[1;31mำฤฝ[0;34mออ[1;31mฝ[34mออออออออ[31mำฤฤฝ[34mอ[31mำฤฤฝ[34mอ[31mฝ[34mออ[31mฝ[34mอ[31mฝ[34mออ[31mฝ[36mอ[31mำฤฤฝ[36mอ[31mำ[36mออ[31mำ[36mอ[31mำฤฤฝ[36mออออออออ[17H[5C[0;34mอออออออออออออออออออ[1mออออออออออออออออออออออออออออ[s
[uออ[36mออออออออออออออออออออ[18H[6C[0;34mอออออออออ[1;5;37mM[0;1;33messages[34mออออออออออออออออออออออออออออออออ[5;37mC[0;1;32mallers[36mอออออออออออ[19H[7C[0;34mอออออออออออออออ[1mออออออออออออออออออออออออออออออออออ[36mออออออออออออออออ[20H[s
[u[8C[0;34mอออออออออออออ[1mออออออออออออออ[5;37mR[0meports[1;34mอออออออออออออออ[36mออออออออออออออ[21H[9C[0;34mอออออออออออ[1mออออออออออออออออออออออออออออออออออออออ[36mออออออออออออ[22H[10C[0;34mอออออออออ[1mออออ[5;37mF[0;1;35miles[34mออ[s
[uอออออออออออออออออออ[5;37mA[0;1;33mreas[34mอออออ[36mออออออออออ[23H[11C[0;34mอออออออ[1mออออออออออออออออออออออออออออออออออออออออออ[36mออออออออ[0m

Downloaded From P-80 International Information Systems 304-744-2253
