[40m[2J[2H[0;1;36mษอออออออออออออออออออออออออออออออออออออออออออออออออออออออป[3Hบ [0;31mÛÛÛÛÛÛÛÛ[21C[1;5;37m๚    [0;1;34m_/ณ\_[11C[5;37m๚   [0;1;36mบ[4Hบ    [0;31mÛÛ[12C[1;5;37m๚[15C[0;1;34m/ ฺลฟ \[5C[37m๚[8C[36mบ[5Hบ    [0;31mÛÛ [s
[u[1;33mrade Wars[17C[34m/[36mฐฐฐฐฐฐฐ[34m\[13C[36mบ[6Hบ    [0;31mÛÛ[21C[1;5;37m๚    [0;1;31mณ[36mฑฺ[32mณณณณณ[36mฟฑ[31mณ[12C[36mบ[7Hบ    [0;31mÛÛ[15C[1;37m๚[10C[31mณฺฤฤฤยฤฤฤฟณ  [37m๚[9C[36mบ[8Hบ  [34mฤฤฤฤฤฤฤฤฤฤฤฤฤฤฤฤฤฤฤฤ[s
[u[9C[33m/[31mณ[35mฐฑÛÛ[31mณ[35mÛÛฑฐ[31mณ[33m\  [5;37m๚[7C[0;1m๚[36mบ[9Hบ  [37mP[32m>[36mlay Tradewars[13C[33m/[34mฒ[31mณ[35mฐฑÛÛ[31mณ[35mÛÛฑฐ[31mณ[34mฒ[33m\[10C[36mบ[10Hบ  [37mN[32m>[36mewspaper[17C[33m/[34mฒฒ[31mณ[s
[u[35mฐฑÛÛ[31mณ[35mÛÛฑฐ[31mณ[34mฒฒ[33m\    [5;37m๚    [0;1;36mบ[11Hบ  [37mS[32m>[36mcoreboard[7C[5;37m๚[7C[0;1;33m/[34mฑฒฒ[31mณ[35mฐฑÛÛ[31mณ[35mÛÛฑฐ[31mณ[34mฒฒฑ[33m\[8C[36mบ[12Hบ  [37mI[32m>[36mnstructions[11C[33m_/[s
[u[34mฑฑฒฒ[31mณ[35mฐฑÛÛ[31mณ[35mÛÛฑฐ[31mณ[34mฒฒฑฑ[33m\_    [37m๚ [36mบ[13Hบ  [37mM[32m>[36message areas[7C[33m_ฤู[34mฑฑฑฑฒฒ[31mรฤฤฤฤมฤฤฤฤด[34mฒฒฑฑฑฑ[33mภฤ_   [36mบ[14Hบ  [37mG[32m>[36mames Menu[9C[33m/[34mฑฑฑฑฑฑฑฒฒ[33m/[s
[u[34mฐฑÛÛ[0;31m๐[1;34mÛÛฑฐ[33m\[34mฒฒฑฑฑฑฑฑฑ[33m\  [36mบ[15Hบ  [37mL[0;32m>[1;36mogoff[12C[33m/[34mฑฑฑฑฑฑฑฑฒฒ[33m_[34mฐฑÛ[33mณ[0;31m๐[1;33mณ[34mÛฑฐ[33m_[34mฒฒฑฑฑฑฑฑฑฑ[33m\ [36mบ[16Hบ  [37m*[32m>[36mMain menu[7C[33mณ[34m[s
[uฑฑฑฑฑฑฑฑฑฒ[33m/ \[34mฑÛ[33mณ[0;31m๐[1;33mณ[34mÛฑ[33m/ \[34mฒฑฑฑฑฑฑฑฑฑ[33mณ[36mบ[17Hศอออออออออออออออออออออออออออออออออออออออออออออออออออออออผ[18H[0m

Downloaded From P-80 International Information Systems 304-744-2253
