[40m[2J[2H[3H[4H[5H[7C[0;1;34mÚÄÄÄÄÄÄÄÄÄÄÄ¿[29CÜßßßßßßßÜ[6H[7C³ [0;31mÒ  Ò Ò  Ò [1;34m³ ÚÄÄÄÄÄÄÄÄÄÄÄÄÄÄÄÄÄÄÄÄ¿    Üß  [0;31m•   ¢  [1;34mßÜ[7H[7C³ [0;31mº  º º  º [1;34m³ ³This is the SysOp[37m...[34m³    Û  [0;31m¿  “  Ú  [1;34m[s
[uÛ[8H[7C³ [0;31mÇÄÄ¶ º  º [1;34m³ ³is there something I³    Û  [0;31mÀ¿   ÚÙ  [1;34mÛ[9H[7C³ [0;31mº  º º  Ğ [1;34m³ ³can help  you  with?³[5CßÜ [0;31mÀÄÄÄÙ [1;34mÜß[10H[7C³ [0;31mĞ  Ğ Ğ  ş [1;34m³ ÀÄÄÄÄÄÄÄÄÄÄÄÄÄÄÄÄÄÄÄÄÙ[7Cßßßßßßß
[11H[7CÀÄÄÄÄÄÄÄÄÄÄÄÙ[12H[13H[14H[15H[23C[37mor better than SysOp call me ...[16H[17H[52CGerald[18H[19H[20H[21H[22H[23H[0m


