[H[2H[3H[0;35mЩЭЭЭЭЭЭЭЭЭЭЭЭЭЭЭЭЭЭЭЭЭЭЭЭЭЭЭЭЭЭЭЭЭЭЭЭЭЭЭЭЭЭЭЭЭЭЭЭЭЭЭЭЭЭЭЭЭЭЭЭЭЭЭЭЭЭЭЭЭЭЭЭЭЭЭЭЛ[4HК    [1;37mPLANE CRAZY'S HIGH FLYING BBS   [5mWELCOMES [0;1mYOU [5mFELLOW [0;1mSYSTEM [5mOPERATORS    [0;35mК[5HШЭЭЭЭЭЭЭЭЭЭЭЭЭЭЭЭЭЭЭЭЭЭЭЭЭЭЭЭЭЭЭ[s
[uЭЭЭЭЭЭЭЭЭЭЭЭЭЭЭЭЭЭЭЭЭЭЭЭЭЭЭЭЭЭЭЭЭЭЭЭЭЭЭЭЭЭЭЭЭМ[6H[35C[1;33mTo[7H[0;31mмллллллм[39Cллллллллм  ллллллллм   мллллллм[8Hлл[5Cп[40Cлл    олн  лл    олн  лл[5Cп[9Hлл[8Cлл   лл  лмлллллм  млллллм  пллмлллм  ллммммлп   ллммммлп   лл[10Hпллллллм[s
[u  лл   лл   лл   лл  лл   лл   ллп  пл  ллпппплм   ллпппплм   пллллллм[11H[6Cлл  лл   лл   лл   лл  ллллллп   лл[7Cлл    олн  лл    олн[8Cлл[12Hм[5Cлл  лл   лл   ллллллп  лл   мм   лл [1;33mV1.11 [0;31mлл    олн  лл    олн  м[5Cлл[13Hплллл[s
[uллп  пллллпл   лл[7Cплллллп  мллм[5Cллллллллп  ллллллллп   пллллллп[14H[19Cмллм[15H[16H[1;36mA Quickbbs\Remote Access Clone System, Released 28 August 1990 Vantaa, Finland[17H[23C[ File Name, SBBS_111.Lzh ][18H[19H[33mDue To Either Donat[s
[uions, Uploads, Mass Message Writing Or Just Plain Friends[20HI Have Granted You Special Security Within This System.  Another Sysop Area Is[21HAvailable For BBS, Menus, Text, Batchfiles etc Used On This System.  You Will[22HHave To REQUEST This P[s
[uassword And Reason For Wanting This Access.[23H[0m

Downloaded From P-80 International Information Systems 304-744-2253
