Turtle #59 @2358
Thu Jul 05 18:47:23 1990
[40m[2J[50C[0;1m_____[2;50H/[C___[C\[3;49H³[C/[3C\/[4;49H³[C³___[3C³\[4C/³[5;50H\[4C\[2C³[33m°[37m\__/[33m°[37m³[6;50H³[5C\[C³/[Coo[C\³[7;50H³[6C\³[CÔª©¾[C³[8;50H\\[7C\____/[9;51H\\[C\[5C/[10;52H\\[C\\/[C/[11;53H\[s
[u\/\\/[12;15H[33;42mÚÄÄ¿[35CÚÄÄÄ¿[13;15H³[2C³[35C³[3C³[14;15H³[2C³[0m±±±±±±±±±±±±±±±±±±±±±±±±±±±±±±±±±±±[1;33;42m³[3C³[15;15H³[2CÀÄÄÄÄÄÄÄÄÄÄÄÄÄÄÄÄÄÄÄÄÄÄÄÄÄÄÄÄÄÄÄÄÄÄÄÙ[3C³[16;15H³[15C[34;40m___________[16C[33;42m³[17;15H³[40m[s
[u[42m[13C[34;40m-=[C[36mKitty[CBox[C[34m=-[14C[33;42m³[18;15HÀÄÄÄÄÄÄÄÄÄÄÄÄÄÄÄÄÄÄÄÄÄÄÄÄÄÄÄÄÄÄÄÄÄÄÄÄÄÄÄÄÄÄÙ[s[s[s[s[s[s[s[s[s[s[s[s[s[s[s[s[s[s[s[s[s[s[s[s[s[s[s[s[s[s[s[s[s[s[s[s[s[s[s[s[s[s[s[40m[s
[u[42m[s[s[s[s[s[s[s[s[s[s[s[s[s[s[s[s[s[s[s[s[s[s[s[s[s[s[s[s[s[s[s[s[s[s[s[s[s[s[s[s[s[s[s[s[s[s[s[s[s[s[s[s[s[s[s[s[s[s[s[s[s[s[s[s[s[s[s[s[s[s[s[s[s[s[s[s[s[s[s[40m[s
[u[42m[s[s[s[s[s[s[s[s[s[s[s[s[s[s[s[s[s[s[s[s[s[s[s[s[s[s[s[s[s[s[s[s[s[s[s[s[s[s[s[s[s[s[s[s[s[s[s[s[s[s[s[s[s[s[s[s[s[s[s[s[s[s[s[s[s[s[s[s[s[s[s[s[s[s[s[s[s[s[40m
[42m[4;68H[35;40mMeowwwww.[5;68HMeow.[6;68HMeow.[3;41H[31mPUSH[4;41HPUI[1DSH[7;68H[35mReeeowww!![6;50H[37m>[1D|[1D>[1D|[1D>>[2D [1D> [3D[0;33m [D [D[1D[1;37m>[3D[0;33m [D [D [D[1D[1;37m>[4D[0;33m [D [D [D[s
[u[4D [D[2D [D[1D    [7;48H [D[8;47H [D[9;46H [D[6;49H [7;48H [8;47H [2D [D[7;46H [D [D[1D [6;46H [D[1D [7;46H [9;46H  [D[7;45H [D[6;44H [D[1D [B [B [B [10;47H [D[11;46H [D[12;45H [D[13;44H [D
[10;47H [11;46H [12;45H [13;45H [D [D [D[4D    [14;44H [D [D [D [D[5;49H[1;37m\ [3;41H[32mPUSH[4;41H[36mPUSH[3;41HPUSH[4;41H[32mPUSH[3;41H[31mPUSH[4;41HPUSH[3;40H[32m<[4C>[4;45H>[6D<[6;49H[0;33m [D[1D [D[1D 
[7;48H [D[1D [8;47H [D[1D [9;47H [D[10;47H [9;47H [10;47H [D[1D [11;47H [D[1D [12;47H [D[1D [13;47H [D[B [D[13;48H [D[8;68H[1;35mr[1DReeeeeeee-[9;68Heeeeeeeee-[10;68Hooooooooo-[11;68Hwwwwwwwww-[12;68H!!!!!!!!!!
[13;68HHoly sh*t![14;68HWhat's[15;68HHappening?![6;49H[0;33m [D[2D [D[2D [D[5;45H [D[6;47H [D [2D [8;46H [D[1D [D[7;42H [D[C [D[3B [D[2C [D[9;44H [D[8;41H [D[2B [D[11;41H [D[2C [D[13;46H [D
[11;48H [D[12;50H [D[9;36H [D[7;35H [D[1A [D[C [D[3B [D[11;39H [D[3D [D[12;37H [D[13;39H [D[14;39H [D[2B [D[2D [D[17;37H [D[14;33H [D[15;33H [D[14;29H [D[11;26H [D[8;25H [D[C [D[9;29H [D[s
[u[2B [D[9;32H [D[6;32H [D[2D [D[5;30H [D[2C [D[2A [D[C [D[C [D[4;40H [D[1A [D[2;43H [D [D[;38H [D[1D [D[4D [D[3D [D[2;30H [D[4;25H [D[3;24H [D[6;61H[1;37m__[2Doo[2D--[2DOO[2D--[2DOO
[7;61H()|[4D|[40D[0;33m [D[4H [D[3;4H [D[5;6H [D[3;9H [D[4;12H [D[2;15H [D[2B [D[3B [D[9;16H [D[4D [D[7;10H [D[9;10H [D[3B [D[2B [D[3C [D[3C [D[12;23H [D[11;21H [D[10;21H [D[4H [3;4H [4D[s
[u [D[2C [D[16;68H[1;35mMy master is[17;68Hgoing to kill[67Cme!!![3H [2C [4C [2;15H [2B [5D [5;6H [7;10H [9;10H [2C [13;11H [12;11H [2B [3C [3C[0m°[1D±±±±±±±±±±±±±±±±±±±±±±±±±±±±±[15;33H[1;33;42mÄ[17;37H [1D[37;40m 
[16;39H[34m__[13;39H [6C   [12;50H [11;48H [10;48H [5;45H [4;45H [6D     [3;40H      [2;43H  [;38H [4D [3D [2;30H [3;24H [B [7;17H [3C [9;16H [10;21H [11;21H [12;23H [11;26H [3C [12;37H [11;37H [C [C [C  [1A [4D [9;44H[s
[u [8;46H [7;44H [3D [3;38H [3D [3D [5;30H [8;25H [C [9;29H [3C [1D [3D [C [2D [3C [2C [8;41H [7;35H [1A [C [5;33H [6;31H  [4;68H         [5;68H     [6;68H     [7;68H          [6;61H[37moo[7;60HÔ[2C¾[3DÔ[1DÕ¸[2DÖ·[2D[s
[uÓ·½[2D½[3DÖ[2C·[4DÖ[1DÓ[2C½[3DÖ·[3D    [4DÔ[2C¾[3D><[8;68H          [9;68H          [10;68H          [11;68H          [12;68H          [13;68H          [14;68H      [15;68H           [16;68H            [17;68H     [C  [C    [s
[u[67C        [5;68H[35mIt's stuck![6;68HDammit![27D[0;33m [D[2D [D[2D [D[7;68H[1;35mHuh...[8;68H<GRUNT>[9;68H<GRUNT>[6;46H[0;33m   [7;48H [D[8;47H [D[9;46H [D[6;49H [7;48H [8;47H [2D [D[7;46H [D[6;46H [D[1D 
[10;46H [D[7;46H [11;46H [D[8;46H [12;46H [D[9;46H [13;46H [D[10;46H [14;46H [D[10;68H[1;35mWould'ja[11;68Hlook at that![67CAmazing![13;68HSimply --[14;68HAmazing![5;68H           [6;68H       [7;68H      [8;68H       
[9;68H       [10;68H        [11;68H             [67C        [13;67H [C  [3D         [14;68H           [5;68H- BYE FOR[6;71HNOW! -[7;61H[37móò[2D©ª[7B[33mANSI [35mSCREENPLAY[15;67H[32mBY....[17;66H[36me[34ml[36mt[34mr[36mu[34mT[s
[u[2DT[36mu[3D[34mTr[3DT[36mt[3D[34mTl[3DT[36me[2Cu[34mr[4Du[Ce[3D[36ml[2Du[34mr[Cl[36me[8D[32mð[8Cð[10D[36mð[8Cð[10D[31mð[8Cð[10D[35mð[8Cð[10D[33mð[8Cð[0m