[40m[2J[40m [71C[0;37m01:36[2H[3H[15C[1;37mждддддддддддддддддддддддддддддддддддддддддддддддд╥[4H[15C╨[7C[0;37m╥ж   р  жд╥   ж╥ р  ждд╥  р    жд╥[7C[1;37m╨[5H[15C╨[6C[0;37mжпп╥  ╨  ╨ д╥  ╨с╥╨  гдд╤  ╨    сдд╥[6C[1;37m╨[6H[15C╨[6C[s
[u[0;37mп  п  п  сдд╫  п с╫  п  п  сдд╫ сдд╫[6C[1;37m╨[7H[15C╨    [0;37mждд╥  ждд╥  жд╥   ждд╥  ждд╥  жд╥   рдд╥    [1;37m╨[8H[15C╨    [0;37mгдд╫  ╨     гдп╥  ╨  ╨  гдд╤  гдп╥  ╨  ╨    [1;37m╨[9H[15C╨    [0;37mп     сдд╫  пдд╫  сдд╫  п  [s
[uп  п  п  пдд╫    [1;37m╨[10H[15Cгдддддддддддддддддддддддддддддддддддддддддддддддд╤[11H[15C╨[16C[34m(205) 821-4664[18C[37m╨[12H[15C╨[10C[34m300/1200/2400/9600 USR HST[12C[37m╨[13H[15Cгдддддддддддддддддддддддддддддддддддддддддддддддд╤
[14H[15C╨ [32mOver 3300+ Files On-line  260 Megs Disk Space  [37m╨[15H[15C╨ [0;31mDirectories include : [1;31mProgramming Languages,   [37m╨[16H[15C╨[23C[31mDos, dBASE, Lotus, Games [37m╨[17H[15C╨ [0;35mConferences include : [1;35mSys[s
[uops; Reviews; Games   [37m╨[18H[15C╨[23C[35mF&SF; and Buy-Sell etc.. [37m╨[19H[15C╨ [0;36mDoors & more Doors  : [1;36mPower Struggle, Zmodem   [37m╨[20H[15C╨[23C[36mArc, Games, etc.......   [37m╨[21H[15Cгддддддддддддддддддддддддддд[s
[uддддддддддддддддддддд╤[22H[15C╨ [33mNOW!! [5;33m2 Nodes!! [35m9600 [0;1;33mShould call [0;5;32m([1;32m805[0;5;32m)[1;32m821[0;5;32m-[1;32m8814 [0;1;37m╨[23H[15Cсдддддддддддддддддддддддддддддддддддддддддддддддд╫[0m

Downloaded From P-80 International Information Systems 304-744-2253
